BODY(@,body,,,)
	Global-99(@,div,,global99,[global-99])
	page_body(@,div,,page_body,)
		Шапка(@,div,,div_wrapper,)
			Верх(@,div,,div_top,)
				container(@,div,container,container100,)
					Время(@,div,,div556,[site.chasy-raboty])
					Соцсети(@,div,,div557,[site.social])
					Языки(@,div,,div_lang,[site.sitelang])
					Телефон(@,div,,div558,[site.phone-top])
			Низ(@,div,,div_bottom,)
				container(@,div,container,container150,)
					Лого(@,div,,div567,[site.logotip])
					Global-3(@,div,,global3,[global-3])
					menuitem1(@,div,,menuitem1,[menu.item-001])
		Картинка(@,div,,div_img,)
			Content-10(@,div,,content10,[content-10])
		Основной слой(@,div,,div_main,)
			container(@,div,container,container250,)
				Global-1(@,div,,global1,[global-1])
				PageTitle(@,h1,,pageTitle,[page.title])
				Content-1(@,div,,content1,[content-1])
		Подвал(@,div,,div_footer,)
			container(@,div,container,container500,)
				Global-2(@,div,,global2,[global-2])
				Контакты(@,div,,div629,[site.contact])
		Карта(@,div,,div550,[site.gmap])
		Низ(@,div,,div_sub,)
			container(@,div,container,container550,)
				Копирайт(@,div,,div673,[site.copyright])
				Статистика(@,div,,div674,[site.statistic])
				Студия(@,div,,div675,[site.studio])
	Global-88(@,div,,global88,[global-88])
	menuitem2(@,div,,menuitem2,[menu.item-002])